---
source: tests/tests.rs
expression: "format(&contents, LuaVersion::Luau)"
input_file: tests/inputs-luau-full_moon/types_generic_no_parameters.lua
---
type Bar = Foo<>
type Baz = module.Foo<>

