---
source: tests/tests.rs
expression: "format(&contents, LuaVersion::Lua51)"
input_file: tests/inputs-full_moon/assignment-4.lua
---
a = 1
b = 2

