---
source: tests/tests.rs
expression: "format(&contents, LuaVersion::Lua51)"
input_file: tests/inputs-full_moon/numbers-1.lua
---
_ = 0x02

