---
source: tests/tests.rs
expression: "format(&contents, LuaVersion::Luau)"
input_file: tests/inputs-luau-full_moon/string_interpolation_regression.lua
---
error(`a {b} c`)

